/system_dlkm/etc/NOTICE.xml.gz 1-9
/system_dlkm/lib/modules/6lowpan.ko 10-16
/system_dlkm/lib/modules/8021q.ko 17-29
/system_dlkm/lib/modules/aqc111.ko 30-38
/system_dlkm/lib/modules/asix.ko 39-50
/system_dlkm/lib/modules/ax88179_178a.ko 51-61
/system_dlkm/lib/modules/bluetooth.ko 62-208
/system_dlkm/lib/modules/bsd_comp.ko 209-211
/system_dlkm/lib/modules/btbcm.ko 212-217
/system_dlkm/lib/modules/btqca.ko 218-223
/system_dlkm/lib/modules/btsdio.ko 224-231
/system_dlkm/lib/modules/can-bcm.ko 232-243
/system_dlkm/lib/modules/can-dev.ko 244-254
/system_dlkm/lib/modules/can-gw.ko 255-264
/system_dlkm/lib/modules/can-raw.ko 265-274
/system_dlkm/lib/modules/can.ko 275-284
/system_dlkm/lib/modules/cdc-acm.ko 285-292
/system_dlkm/lib/modules/cdc_eem.ko 293-298
/system_dlkm/lib/modules/cdc_ether.ko 299-302
/system_dlkm/lib/modules/cdc_ncm.ko 303-313
/system_dlkm/lib/modules/diag.ko 314-315
/system_dlkm/lib/modules/ftdi_sio.ko 316-327
/system_dlkm/lib/modules/gzvm.ko 328-336
/system_dlkm/lib/modules/hci_uart.ko 337-365
/system_dlkm/lib/modules/hidp.ko 366-379
/system_dlkm/lib/modules/ieee802154.ko 380-406
/system_dlkm/lib/modules/ieee802154_6lowpan.ko 407-413
/system_dlkm/lib/modules/ieee802154_socket.ko 414-421
/system_dlkm/lib/modules/kheaders.ko 422-1401
/system_dlkm/lib/modules/l2tp_core.ko 1402-1416
/system_dlkm/lib/modules/l2tp_ppp.ko 1417-1429
/system_dlkm/lib/modules/libarc4.ko 1430
/system_dlkm/lib/modules/mac802154.ko 1431-1452
/system_dlkm/lib/modules/mii.ko 1453-1455
/system_dlkm/lib/modules/modules.alias 1456-1458
/system_dlkm/lib/modules/modules.dep 1459
/system_dlkm/lib/modules/nfc.ko 1460-1484
/system_dlkm/lib/modules/nhc_dest.ko 1485
/system_dlkm/lib/modules/nhc_fragment.ko 1486
/system_dlkm/lib/modules/nhc_hop.ko 1487
/system_dlkm/lib/modules/nhc_ipv6.ko 1488
/system_dlkm/lib/modules/nhc_mobility.ko 1489
/system_dlkm/lib/modules/nhc_routing.ko 1490
/system_dlkm/lib/modules/nhc_udp.ko 1491-1492
/system_dlkm/lib/modules/ppp_deflate.ko 1493-1494
/system_dlkm/lib/modules/ppp_generic.ko 1495-1511
/system_dlkm/lib/modules/ppp_mppe.ko 1512-1514
/system_dlkm/lib/modules/pppox.ko 1515-1522
/system_dlkm/lib/modules/pptp.ko 1523-1530
/system_dlkm/lib/modules/r8152.ko 1531-1556
/system_dlkm/lib/modules/r8153_ecm.ko 1557-1562
/system_dlkm/lib/modules/rfcomm.ko 1563-1590
/system_dlkm/lib/modules/rfkill.ko 1591-1596
/system_dlkm/lib/modules/rtl8150.ko 1597-1604
/system_dlkm/lib/modules/slcan.ko 1605-1613
/system_dlkm/lib/modules/slhc.ko 1614-1616
/system_dlkm/lib/modules/tipc.ko 1617-1710
/system_dlkm/lib/modules/usbnet.ko 1711-1723
/system_dlkm/lib/modules/usbserial.ko 1724-1732
/system_dlkm/lib/modules/vcan.ko 1733-1739
/system_dlkm/lib/modules/wwan.ko 1740-1750
/system_dlkm/lib/modules/zsmalloc.ko 1751-1756
