/system_ext/apex/com.android.compos.apex 1-529
/system_ext/apex/com.android.vndk.v31.apex 530-3638
/system_ext/apex/com.android.vndk.v33.apex 3639-7119
/system_ext/apex/com.android.vndk.v34.apex 7120-10374
/system_ext/apex/com.scorpio.sc.core.apex 10375-10441
/system_ext/apex/com.transsion.appservices.apex 10442-10453
/system_ext/apex/com.transsion.connectivity.apex 10454-10457
/system_ext/apex/com.transsion.kolun.apex 10458-10570
/system_ext/apex/com.transsion.mi.os.framework.apex 10571-10962
/system_ext/apex/com.transsion.performance.apex 10963-10972
/system_ext/apex/com.transsion.phone.apex 10973-10985
/system_ext/bin/AudioSetParam 10986-10987
/system_ext/bin/aee_aed64 10988-11037
/system_ext/bin/aee_aed64_v2 11038-11090
/system_ext/bin/aee_core_forwarder_v2 11091-11100
/system_ext/bin/aee_dumpstate_v2 11101-11123
/system_ext/bin/aee_v2 11124-11126
/system_ext/bin/aeedb_v2 11127-11128
/system_ext/bin/batterywarning 11129-11130
/system_ext/bin/boot_logo_updater 11131
/system_ext/bin/connsyslogger 11132-11151
/system_ext/bin/emdlogger 11152-11206
/system_ext/bin/hbt_translator 11207-11358
/system_ext/bin/hiber 11359-11363
/system_ext/bin/hwservicemanager 11364-11376
/system_ext/bin/kpoc_charger 11377-11384
/system_ext/bin/lbs_dbg_ext 11385-11396
/system_ext/bin/loghidlsysservice 11397-11401
/system_ext/bin/magt 11402-11423
/system_ext/bin/mbrain_client 11424-11435
/system_ext/bin/mdlogger 11436-11454
/system_ext/bin/mediahelper 11455
/system_ext/bin/mobile_log_d 11456-11482
/system_ext/bin/mtk_plpath_utils 11483-11491
/system_ext/bin/netdiag 11492-11503
/system_ext/bin/rtt_v2 11504-11505
/system_ext/bin/terservice 11506
/system_ext/bin/thermald 11507-11508
/system_ext/bin/trace 11509-11668
/system_ext/bin/vtservice 11669
/system_ext/bin/zygoteservice 11670-11671
/system_ext/etc/NOTICE.xml.gz 11672-11720
/system_ext/etc/audio_policy_configuration.xml 11721
/system_ext/etc/audio_policy_configuration_bluetooth_legacy_hal.xml 11722
/system_ext/etc/audio_policy_engine_default_stream_volumes.xml 11723
/system_ext/etc/audio_policy_engine_product_strategies.xml 11724
/system_ext/etc/audio_policy_engine_stream_volumes.xml 11725
/system_ext/etc/audio_policy_volumes.xml 11726
/system_ext/etc/build_flags.json 11727-11728
/system_ext/etc/default_volume_tables.xml 11729
/system_ext/etc/wmshell.protolog.json.gz 11730-11734
/system_ext/framework/SatelliteClient.jar 11735-11740
/system_ext/framework/SatelliteClient.jar.fsv_meta 11741
/system_ext/framework/androidx.window.extensions.jar 11742-11782
/system_ext/framework/androidx.window.extensions.jar.fsv_meta 11783
/system_ext/framework/androidx.window.sidecar.jar 11784-11788
/system_ext/framework/androidx.window.sidecar.jar.fsv_meta 11789
/system_ext/framework/com.android.extensions.appfunctions.jar 11790
/system_ext/framework/com.android.extensions.appfunctions.jar.fsv_meta 11791
/system_ext/framework/com.android.hotwordenrollment.common.util.jar 11792-11793
/system_ext/framework/com.android.hotwordenrollment.common.util.jar.fsv_meta 11794
/system_ext/framework/com.transsion.nfc.jar 11795-11798
/system_ext/framework/com.transsion.nfc.jar.fsv_meta 11799
/system_ext/framework/com.transsion.tranfacfwk.jar 11800-11801
/system_ext/framework/com.transsion.tranfacfwk.jar.fsv_meta 11802
/system_ext/framework/gift-core.jar 11803
/system_ext/framework/gift-core.jar.fsv_meta 11804
/system_ext/framework/hyperion_core.jar 11805-12139
/system_ext/framework/hyperion_core.jar.fsv_meta 12140-12142
/system_ext/framework/log-handler.jar 12143-12156
/system_ext/framework/log-handler.jar.fsv_meta 12157
/system_ext/framework/mediatek-carrier-config-manager.jar 12158-12160
/system_ext/framework/mediatek-carrier-config-manager.jar.fsv_meta 12161
/system_ext/framework/mediatek-common.jar 12162-12173
/system_ext/framework/mediatek-common.jar.fsv_meta 12174
/system_ext/framework/mediatek-framework.jar 12175-12276
/system_ext/framework/mediatek-framework.jar.fsv_meta 12277-12278
/system_ext/framework/mediatek-ims-base.jar 12279-12290
/system_ext/framework/mediatek-ims-base.jar.fsv_meta 12291
/system_ext/framework/mediatek-ims-common.jar 12292-12303
/system_ext/framework/mediatek-ims-common.jar.fsv_meta 12304
/system_ext/framework/mediatek-ims-extension-plugin.jar 12305-12307
/system_ext/framework/mediatek-ims-extension-plugin.jar.fsv_meta 12308
/system_ext/framework/mediatek-services.jar 12309-12381
/system_ext/framework/mediatek-services.jar.fsv_meta 12382
/system_ext/framework/mediatek-telecom-common.jar 12383-12388
/system_ext/framework/mediatek-telecom-common.jar.fsv_meta 12389
/system_ext/framework/mediatek-telephony-base.jar 12390-12429
/system_ext/framework/mediatek-telephony-base.jar.fsv_meta 12430
/system_ext/framework/mediatek-telephony-common.jar 12431-12710
/system_ext/framework/mediatek-telephony-common.jar.fsv_meta 12711-12715
/system_ext/framework/sales_component.jar 12716-12723
/system_ext/framework/sales_component.jar.fsv_meta 12724
/system_ext/framework/tran_datacenter.jar 12725
/system_ext/framework/tran_datacenter.jar.fsv_meta 12726
/system_ext/framework/tranradionet-chipset-plugin.jar 12727-12936
/system_ext/framework/tranradionet-chipset-plugin.jar.fsv_meta 12937-12939
/system_ext/framework/tranradionet-manager.jar 12940-12950
/system_ext/framework/tranradionet-manager.jar.fsv_meta 12951
/system_ext/framework/trans_sched.jar 12952-12957
/system_ext/framework/trans_sched.jar.fsv_meta 12958
/system_ext/lib64/android.hardware.radio.config@1.1.so 12959-12978
/system_ext/lib64/android.hardware.radio.config@1.2.so 12979-12993
/system_ext/lib64/android.hardware.radio.config@1.3.so 12994-13009
/system_ext/lib64/android.hardware.radio@1.5.so 13010-13129
/system_ext/lib64/android.hardware.radio@1.6.so 13130-13268
/system_ext/lib64/libJCaliVeriTool.so 13269
/system_ext/lib64/libJniCheckDarkCorner.so 13270
/system_ext/lib64/libJpegOal.so 13271-13272
/system_ext/lib64/libPQDCjni.so 13273-13276
/system_ext/lib64/libPQjni.so 13277-13279
/system_ext/lib64/libTeeClient.so 13280-13290
/system_ext/lib64/lib_remote_simlock.so 13291-13296
/system_ext/lib64/libaed.so 13297-13310
/system_ext/lib64/libapu_mdw_ext.mtk.so 13311-13312
/system_ext/lib64/libapuwareapusys.mtk.so 13313-13317
/system_ext/lib64/libapuwareapusys_v2.mtk.so 13318-13335
/system_ext/lib64/libapuwarehmp.mtk.so 13336-13338
/system_ext/lib64/libapuwareutils.mtk.so 13339-13340
/system_ext/lib64/libapuwareutils_v2.mtk.so 13341-13344
/system_ext/lib64/libapuwarexrp.mtk.so 13345-13351
/system_ext/lib64/libapuwarexrp_v2.mtk.so 13352-13363
/system_ext/lib64/libarcsoft_calibverify_TriCamera.so 13364-13812
/system_ext/lib64/libarcsoft_chart_free_calibration.so 13813-13843
/system_ext/lib64/libarcsoft_dualcam_wt_calibration.so 13844-13846
/system_ext/lib64/libarcsoft_dualcam_wt_verification.so 13847
/system_ext/lib64/libarcsoft_tricam_calibration.so 13848-13851
/system_ext/lib64/libarcsoft_tricam_verification.so 13852-13853
/system_ext/lib64/libarmnn_ndk.mtk.so 13854-15325
/system_ext/lib64/libaudio_param_parser-sys.so 15326-15366
/system_ext/lib64/libaudio_param_parser-sys@8.1.so 15367-15407
/system_ext/lib64/libaudio_param_parser-sys@aidl.so 15408-15449
/system_ext/lib64/libaudiocompensationfilter.so 15450-15451
/system_ext/lib64/libaudiocomponentengine.so 15452-15455
/system_ext/lib64/libaudiopolicyconfigxml_mtk.so 15456
/system_ext/lib64/libaudiopolicycustomextensions.so 15457-15493
/system_ext/lib64/libaudiotoolkit.so 15494-15495
/system_ext/lib64/libaudioutilmtk.so 15496-15518
/system_ext/lib64/libbessound_hd_mtk.so 15519-15533
/system_ext/lib64/libblisrc.so 15534-15546
/system_ext/lib64/libcalibverifyW_T.so 15547-16026
/system_ext/lib64/libccci_util_sys.so 16027-16032
/system_ext/lib64/libcheckDarkCorner.so 16033-17025
/system_ext/lib64/libcmdl_ndk.mtk.so 17026-17176
/system_ext/lib64/libcomposer_ext.so 17177-17200
/system_ext/lib64/libcompress.so 17201-17206
/system_ext/lib64/libcomutils.so 17207-17210
/system_ext/lib64/libcustom_jni.so 17211-17212
/system_ext/lib64/libcustom_prop.so 17213-17215
/system_ext/lib64/libdisp_dejitter.so 17216-17218
/system_ext/lib64/libdrmmtkutil.so 17219-17222
/system_ext/lib64/libdrmmtkwhitelist.so 17223-17224
/system_ext/lib64/libem_aoltest_jni.so 17225-17229
/system_ext/lib64/libem_audio_jni.so 17230-17234
/system_ext/lib64/libem_bleoffload_jni.so 17235-17240
/system_ext/lib64/libem_support_jni.so 17241
/system_ext/lib64/libem_wifi_jni.so 17242-17255
/system_ext/lib64/libged_kpi.so 17256
/system_ext/lib64/libged_sys.so 17257-17265
/system_ext/lib64/libgpud_sys.so 17266-17297
/system_ext/lib64/libgralloc_extra_sys.so 17298-17299
/system_ext/lib64/libgui_debug.so 17300-17318
/system_ext/lib64/libhdcp_helper.so 17319-17320
/system_ext/lib64/libimsma.so 17321-17334
/system_ext/lib64/libimsma_adapt.so 17335-17340
/system_ext/lib64/libimsma_rtp.so 17341-17369
/system_ext/lib64/libimsma_socketwrapper.so 17370-17372
/system_ext/lib64/libjni_arcsoft.so 17373-17375
/system_ext/lib64/libjni_calibration_as2.so 17376-17377
/system_ext/lib64/libjni_megviitools.so 17378-17379
/system_ext/lib64/libjni_pq.so 17380-17389
/system_ext/lib64/libjpeg-alpha-oal.so 17390-17392
/system_ext/lib64/libjpeg-alpha.so 17393-17449
/system_ext/lib64/libmagt.so 17450-17588
/system_ext/lib64/libmagtsync.so 17589-17601
/system_ext/lib64/libmbrainSDK.so 17602-17645
/system_ext/lib64/libmdloggerrecycle.so 17646-17650
/system_ext/lib64/libmediatek_exceptionlog.so 17651-17652
/system_ext/lib64/libmemoryDumpEncoder.so 17653
/system_ext/lib64/libmmkv.so 17654-17721
/system_ext/lib64/libmstylus.so 17722-17725
/system_ext/lib64/libmtk_sf_msync_2_0.so 17726-17740
/system_ext/lib64/libmtk_vt_service.so 17741-17774
/system_ext/lib64/libmtk_vt_wrapper.so 17775-17782
/system_ext/lib64/libmtkaudio_utils.so 17783
/system_ext/lib64/libmtkperf_client.so 17784-17786
/system_ext/lib64/libmvpu_cic_ci_compiler.mtk.so 17787-17800
/system_ext/lib64/libmvpu_cic_ci_compiler_25.mtk.so 17801-17815
/system_ext/lib64/libmvpu_clc_14_mvpu_debuginfo_25.mtk.so 17816-17821
/system_ext/lib64/libmvpu_clc_14_mvpu_elf_25.mtk.so 17822-17838
/system_ext/lib64/libmvpu_clc_14_mvpu_utility_25.mtk.so 17839-17860
/system_ext/lib64/libmvpu_clc_mvpu_debuginfo.mtk.so 17861-17868
/system_ext/lib64/libmvpu_clc_mvpu_elf.mtk.so 17869-17886
/system_ext/lib64/libmvpu_clc_mvpu_utility.mtk.so 17887-17904
/system_ext/lib64/libmvpu_config.mtk.so 17905-17906
/system_ext/lib64/libmvpu_engine.mtk.so 17907-17957
/system_ext/lib64/libmvpu_engine_25.mtk.so 17958-18009
/system_ext/lib64/libmvpu_engine_25_pub.mtk.so 18010-18061
/system_ext/lib64/libmvpu_engine_pub.mtk.so 18062-18112
/system_ext/lib64/libmvpu_pattern.mtk.so 18113-18196
/system_ext/lib64/libmvpu_pattern_25.mtk.so 18197-18239
/system_ext/lib64/libmvpu_pattern_25_pub.mtk.so 18240-18282
/system_ext/lib64/libmvpu_pattern_pub.mtk.so 18283-18366
/system_ext/lib64/libmvpu_runtime.mtk.so 18367-18591
/system_ext/lib64/libmvpu_runtime_25.mtk.so 18592-18820
/system_ext/lib64/libmvpu_runtime_25_pub.mtk.so 18821-19049
/system_ext/lib64/libmvpu_runtime_builtin.mtk.so 19050-19055
/system_ext/lib64/libmvpu_runtime_builtin_25.mtk.so 19056
/system_ext/lib64/libmvpu_runtime_pub.mtk.so 19057-19280
/system_ext/lib64/libmvpuop25_mtk_cv.mtk.so 19281-20776
/system_ext/lib64/libmvpuop25_mtk_nn.mtk.so 20777-21732
/system_ext/lib64/libmvpuop_mtk_cv.mtk.so 21733-23710
/system_ext/lib64/libmvpuop_mtk_nn.mtk.so 23711-24840
/system_ext/lib64/libnativecheck-jni.so 24841
/system_ext/lib64/libneuron_graph_delegate.mtk.so 24842-24884
/system_ext/lib64/libneuronusdk_adapter.mtk.so 24885-26997
/system_ext/lib64/libnfc-nci.so 26998-27252
/system_ext/lib64/libnfc_nci_jni.so 27253-27571
/system_ext/lib64/libnir_neon_driver_ndk.mtk.so 27572-28804
/system_ext/lib64/libpcap_bak.so 28805-28850
/system_ext/lib64/libperfctl.so 28851-28852
/system_ext/lib64/libpowerhalwrap.so 28853-28861
/system_ext/lib64/libpowerhalwrap_jni.so 28862-28864
/system_ext/lib64/libsf_cpupolicy.so 28865-28872
/system_ext/lib64/libsf_debug.so 28873-28875
/system_ext/lib64/libsf_perf.so 28876-28877
/system_ext/lib64/libshowlogo.so 28878-28893
/system_ext/lib64/libsignal.so 28894-28895
/system_ext/lib64/libsink.so 28896-28915
/system_ext/lib64/libsource.so 28916-28934
/system_ext/lib64/libstagefright_mbrain.so 28935-28939
/system_ext/lib64/libstagefright_wfd_mtk.so 28940-28996
/system_ext/lib64/libsysenv_system.so 28997-28998
/system_ext/lib64/libteeservice_client.trustonic.so 28999-29012
/system_ext/lib64/libterservice.so 29013-29016
/system_ext/lib64/libtflite_mtk.mtk.so 29017-29790
/system_ext/lib64/libtflite_mtk.so 29791-30559
/system_ext/lib64/libthroughputmode.so 30560-30573
/system_ext/lib64/libtouch_ll.so 30574
/system_ext/lib64/libtouch_ll_share.so 30575-30578
/system_ext/lib64/libtranshowlogo.so 30579-30594
/system_ext/lib64/libtranssion_cali_veri.so 30595-30596
/system_ext/lib64/libudf.so 30597-30605
/system_ext/lib64/libui_ext.so 30606-30612
/system_ext/lib64/libvcodec_cap.so 30613-30620
/system_ext/lib64/libvcodec_capenc.so 30621-30624
/system_ext/lib64/libvoicerecognition.so 30625-30634
/system_ext/lib64/libvoicerecognition_jni.so 30635-30639
/system_ext/lib64/libvow_ap_train_dddd.so 30640-30827
/system_ext/lib64/libvow_ap_train_hhaa.so 30828-31009
/system_ext/lib64/libvow_ap_train_hhha.so 31010-31182
/system_ext/lib64/libvow_ap_train_hhhh.so 31183-31351
/system_ext/lib64/libvow_ap_train_nnnn.so 31352-31453
/system_ext/lib64/libvow_ap_train_trip_dddd.so 31454-31641
/system_ext/lib64/libvow_ap_train_trip_hhaa.so 31642-31829
/system_ext/lib64/libvow_ap_train_trip_hhha.so 31830-32002
/system_ext/lib64/libvow_ap_train_trip_hhhh.so 32003-32171
/system_ext/lib64/libvow_ap_train_trip_nnnn.so 32172-32273
/system_ext/lib64/libvow_ap_train_trip_znnn.so 32274-32375
/system_ext/lib64/libvow_ap_train_vaca_dddd.so 32376-32563
/system_ext/lib64/libvow_ap_train_vaca_hhaa.so 32564-32751
/system_ext/lib64/libvow_ap_train_vaca_hhha.so 32752-32924
/system_ext/lib64/libvow_ap_train_vaca_hhhh.so 32925-33093
/system_ext/lib64/libvow_ap_train_vaca_nnnn.so 33094-33195
/system_ext/lib64/libvow_ap_train_vaca_znnn.so 33196-33297
/system_ext/lib64/libvow_ap_train_znnn.so 33298-33399
/system_ext/lib64/libvow_comp_train.so 33400-33401
/system_ext/lib64/libvsim-adaptor-client.so 33402-33404
/system_ext/lib64/libvsync_hint.so 33405
/system_ext/lib64/libvt_avsync.so 33406-33407
/system_ext/lib64/libwa_calibrationtool2.so 33408-34755
/system_ext/lib64/libwa_calibrationtool_as2.so 34756-36070
/system_ext/lib64/vendor.mediatek.framework.mtksf_ext-V4-ndk.so 36071-36074
/system_ext/lib64/vendor.mediatek.hardware.aee-V1-ndk.so 36075-36080
/system_ext/lib64/vendor.mediatek.hardware.aee@1.0.so 36081-36088
/system_ext/lib64/vendor.mediatek.hardware.aee@1.1.so 36089-36101
/system_ext/lib64/vendor.mediatek.hardware.apuware.apusys-V5-ndk.so 36102-36113
/system_ext/lib64/vendor.mediatek.hardware.apuware.apusys@1.0.so 36114-36125
/system_ext/lib64/vendor.mediatek.hardware.apuware.apusys@2.0.so 36126-36146
/system_ext/lib64/vendor.mediatek.hardware.apuware.apusys@2.1.so 36147-36158
/system_ext/lib64/vendor.mediatek.hardware.apuware.hmp@1.0.so 36159-36168
/system_ext/lib64/vendor.mediatek.hardware.apuware.utils-V1-ndk.so 36169-36173
/system_ext/lib64/vendor.mediatek.hardware.apuware.utils@1.0.so 36174-36182
/system_ext/lib64/vendor.mediatek.hardware.apuware.utils@2.0.so 36183-36193
/system_ext/lib64/vendor.mediatek.hardware.apuware.xrp-V1-ndk.so 36194-36203
/system_ext/lib64/vendor.mediatek.hardware.apuware.xrp@1.0.so 36204-36216
/system_ext/lib64/vendor.mediatek.hardware.apuware.xrp@2.0.so 36217-36234
/system_ext/lib64/vendor.mediatek.hardware.audio-V1-ndk.so 36235-36239
/system_ext/lib64/vendor.mediatek.hardware.audio@7.1.so 36240-36261
/system_ext/lib64/vendor.mediatek.hardware.audio@8.1.so 36262-36283
/system_ext/lib64/vendor.mediatek.hardware.composer_ext-V1-ndk.so 36284-36291
/system_ext/lib64/vendor.mediatek.hardware.composer_ext@1.0.so 36292-36305
/system_ext/lib64/vendor.mediatek.hardware.gpuserv-V2-ndk.so 36306-36317
/system_ext/lib64/vendor.mediatek.hardware.lbs@1.0.so 36318-36330
/system_ext/lib64/vendor.mediatek.hardware.log-V1-ndk.so 36331-36335
/system_ext/lib64/vendor.mediatek.hardware.log@1.0.so 36336-36347
/system_ext/lib64/vendor.mediatek.hardware.mbrain-V2-ndk.so 36348-36354
/system_ext/lib64/vendor.mediatek.hardware.mbrain-V6-ndk.so 36355-36361
/system_ext/lib64/vendor.mediatek.hardware.mms@1.0.so 36362-36371
/system_ext/lib64/vendor.mediatek.hardware.mms@1.1.so 36372-36380
/system_ext/lib64/vendor.mediatek.hardware.mms@1.2.so 36381-36389
/system_ext/lib64/vendor.mediatek.hardware.mms@1.3.so 36390-36398
/system_ext/lib64/vendor.mediatek.hardware.mtkpower-V2-ndk.so 36399-36405
/system_ext/lib64/vendor.mediatek.hardware.mtkpower@1.0.so 36406-36419
/system_ext/lib64/vendor.mediatek.hardware.mtkpower@1.1.so 36420-36437
/system_ext/lib64/vendor.mediatek.hardware.mtkpower@1.2.so 36438-36455
/system_ext/lib64/vendor.mediatek.hardware.mtkpower_applist-V2-ndk.so 36456-36459
/system_ext/lib64/vendor.mediatek.hardware.mtkradioex.rsu-V1-ndk.so 36460-36465
/system_ext/lib64/vendor.mediatek.hardware.mtkradioex.se-V1-ndk.so 36466-36470
/system_ext/lib64/vendor.mediatek.hardware.mtkradioex.sim-V1-ndk.so 36471-36486
/system_ext/lib64/vendor.mediatek.hardware.mtkradioex@3.0.so 36487-36758
/system_ext/lib64/vendor.mediatek.hardware.pq@2.0.so 36759-36778
/system_ext/lib64/vendor.mediatek.hardware.pq@2.1.so 36779-36791
/system_ext/lib64/vendor.mediatek.hardware.pq@2.2.so 36792-36804
/system_ext/lib64/vendor.mediatek.hardware.pq@2.3.so 36805-36820
/system_ext/lib64/vendor.mediatek.hardware.pq_aidl-V2-ndk.so 36821-36851
/system_ext/lib64/vendor.mediatek.hardware.pq_aidl-V8-ndk.so 36852-36887
/system_ext/lib64/vendor.mediatek.hardware.touchll@1.0.so 36888-36895
/system_ext/lib64/vendor.mediatek.hardware.videotelephony-V1-ndk.so 36896-36900
/system_ext/lib64/vendor.mediatek.hardware.videotelephony@1.0.so 36901-36909
/system_ext/lib64/vendor.transsion.hardware.trancam.trancamserver@1.0.so 36910-36922
/system_ext/lib64/vendor.transsion.hardware.trandatacenter@1.0.so 36923-36938
/system_ext/lib64/vendor.transsion.performance.sched@1.0.so 36939-36949
/system_ext/app/AIVoiceAssistant_v4.6/AIVoiceAssistant_v4.6.apk 36950-63108
/system_ext/app/ATMWifiMeta/ATMWifiMeta.apk 63109-63293
/system_ext/app/AfterSaleCalibrationTool/AfterSaleCalibrationTool.apk 63294-63529
/system_ext/app/AiGallery/AiGallery.apk 63530-94783
/system_ext/app/AiWriting/AiWriting.apk 94784-97819
/system_ext/app/AudioLink/AudioLink.apk 97820-103330
/system_ext/app/BatteryLab/BatteryLab.apk 103331-104878
/system_ext/app/BatteryWarning2/BatteryWarning2.apk 104879-106755
/system_ext/app/CalibrationTool2/CalibrationTool2.apk 106756-107064
/system_ext/app/CameraTestTool/CameraTestTool.apk 107065-107695
/system_ext/app/ChildModeThub/ChildModeThub.apk 107696-110624
/system_ext/app/DebugLoggerUI/DebugLoggerUI.apk 110625-110990
/system_ext/app/EasyPicService/EasyPicService.apk 110991-114192
/system_ext/app/Ella/Ella.apk 114193-114818
/system_ext/app/EngineerMode/EngineerMode.apk 114819-116740
/system_ext/app/Ewarrantycard/Ewarrantycard.apk 116741-118015
/system_ext/app/FaceID/FaceID.apk 118016-121516
/system_ext/app/GoogleExtShared/GoogleExtShared.apk 121517-121519
/system_ext/app/GooglePrintRecommendationService/GooglePrintRecommendationService.apk 121520-121549
/system_ext/app/HiLanguageService/HiLanguageService.apk 121550-125804
/system_ext/app/HiManager/HiManager.apk 125805-125835
/system_ext/app/Hoffnung/Hoffnung.apk 125836-126536
/system_ext/app/InearMonitor/InearMonitor.apk 126537-128882
/system_ext/app/IotCard/IotCard.apk 128883-132493
/system_ext/app/KeyguardClock/KeyguardClock.apk 132494-132985
/system_ext/app/KeyguardTheme/KeyguardTheme.apk 132986-134153
/system_ext/app/Life/Life.apk 134154-136448
/system_ext/app/MDMConfig/MDMConfig.apk 136449-136459
/system_ext/app/MDMLSample/MDMLSample.apk 136460-136484
/system_ext/app/MagazineService/MagazineService.apk 136485-140298
/system_ext/app/MagicFont/MagicFont.apk 140299-141398
/system_ext/app/MasterOfLanguage/MasterOfLanguage.apk 141399-149371
/system_ext/app/MicroIntelligence/MicroIntelligence.apk 149372-154201
/system_ext/app/MobileCloner/MobileCloner.apk 154202-154499
/system_ext/app/MobileClonerUI/MobileClonerUI.apk 154500-157663
/system_ext/app/OOBE/OOBE.apk 157664-165458
/system_ext/app/OSSettingsExt/OSSettingsExt.apk 165459-167560
/system_ext/app/PCConnect/PCConnect.apk 167561-175405
/system_ext/app/Questionnaire/Questionnaire.apk 175406-178717
/system_ext/app/SmartAssistant/SmartAssistant.apk 178718-181616
/system_ext/app/SmartPanel/SmartPanel.apk 181617-199516
/system_ext/app/SmartRecogize/SmartRecogize.apk 199517-221237
/system_ext/app/SmartScan/SmartScan.apk 221238-228953
/system_ext/app/SysStasl/SysStasl.apk 228954-229848
/system_ext/app/SystemUpdate2.0/SystemUpdate2.0.apk 229849-230774
/system_ext/app/TRWallpaperPicker/TRWallpaperPicker.apk 230775-234306
/system_ext/app/TranDaemonApp/TranDaemonApp.apk 234307-234308
/system_ext/app/TranDynamicBar/TranDynamicBar.apk 234309-235234
/system_ext/app/TranEngine/TranEngine.apk 235235-235878
/system_ext/app/TranMultiWindow/TranMultiWindow.apk 235879-237191
/system_ext/app/TranNecessity/TranNecessity.apk 237192-237821
/system_ext/app/TranPluginApp/TranPluginApp.apk 237822-237838
/system_ext/app/TranRadioNetService/TranRadioNetService.apk 237839-238030
/system_ext/app/TranSchedulePowerOnOffApk/TranSchedulePowerOnOffApk.apk 238031-239761
/system_ext/app/TranScreenRecord/TranScreenRecord.apk 239762-240694
/system_ext/app/TranScreenshot/TranScreenshot.apk 240695-242753
/system_ext/app/TranSettingsIntelligence/TranSettingsIntelligence.apk 242754-243490
/system_ext/app/TranSru/TranSru.apk 243491-244875
/system_ext/app/TranSucc/TranSucc.apk 244876-244965
/system_ext/app/TranThunderback/TranThunderback.apk 244966-246406
/system_ext/app/TranfacMode/TranfacMode.apk 246407-248585
/system_ext/app/TranssionCamera/TranssionCamera.apk 248586-297001
/system_ext/app/TranssionDeskClock/TranssionDeskClock.apk 297002-301296
/system_ext/app/TranssionFMRadio/TranssionFMRadio.apk 301297-302638
/system_ext/app/TranssionVideoEdit/TranssionVideoEdit.apk 302639-323445
/system_ext/app/Uxdetector/Uxdetector.apk 323446-324208
/system_ext/app/WelinkService/WelinkService.apk 324209-325781
/system_ext/app/XHide/XHide.apk 325782-330062
/system_ext/app/YGPS/YGPS.apk 330063-330104
/system_ext/app/ZeroScreen/ZeroScreen.apk 330105-336346
/system_ext/app/mediatek-res/mediatek-res.apk 336347-336833
/system_ext/app/palmid_os15_mr1/palmid_os15_mr1.apk 336834-340038
/system_ext/bin/hw/android.hardware.audio.parameter_parser.service 340039-340042
/system_ext/bin/hw/android.hidl.allocator@1.0-service 340043-340045
/system_ext/etc/dynamic_em/MD_SAR_and_PD_Feature_Control_dynamic.xml 340046
/system_ext/etc/init/init.hbt.rc 340047
/system_ext/etc/permissions/com.android.settings.xml 340048
/system_ext/etc/permissions/com.android.systemui.xml 340049
/system_ext/etc/permissions/com.transsion.tele.settings.xml 340050
/system_ext/etc/permissions/privapp-permissions-google-system_ext.xml 340051
/system_ext/etc/permissions/system-ext-permissions-mediatek.xml 340052
/system_ext/etc/selinux/system_ext_file_contexts 340053
/system_ext/etc/selinux/system_ext_property_contexts 340054-340055
/system_ext/etc/selinux/system_ext_sepolicy.cil 340056-340074
/system_ext/etc/selinux/system_ext_service_contexts 340075
/system_ext/priv-app/AppLock/AppLock.apk 340076-341465
/system_ext/priv-app/AppService/AppService.apk 341466-350450
/system_ext/priv-app/AppUpdate/AppUpdate.apk 350451-352270
/system_ext/priv-app/BluetoothSettingsApk/BluetoothSettingsApk.apk 352271-355691
/system_ext/priv-app/CarrierConfig/CarrierConfig.apk 355692-355756
/system_ext/priv-app/CloudServer/CloudServer.apk 355757-362065
/system_ext/priv-app/EmergencyInfoGms/EmergencyInfoGms.apk 362066-362598
/system_ext/priv-app/FontManager/FontManager.apk 362599-363164
/system_ext/priv-app/GeofenceService/GeofenceService.apk 363165-363167
/system_ext/priv-app/GlobalSearch/GlobalSearch.apk 363168-366288
/system_ext/priv-app/GoogleFeedback/GoogleFeedback.apk 366289-366353
/system_ext/priv-app/GooglePackageInstaller/GooglePackageInstaller.apk 366354-366858
/system_ext/priv-app/GoogleServicesFramework/GoogleServicesFramework.apk 366859-367637
/system_ext/priv-app/ImsService/ImsService.apk 367638-368771
/system_ext/priv-app/LPPeService/LPPeService.apk 368772-368798
/system_ext/priv-app/MtkGbaService/MtkGbaService.apk 368799-368806
/system_ext/priv-app/MtkSettingsProvider/MtkSettingsProvider.apk 368807-368902
/system_ext/priv-app/MtkTelephonyAssist/MtkTelephonyAssist.apk 368903-368913
/system_ext/priv-app/NfcNci/NfcNci.apk 368914-370337
/system_ext/priv-app/Omacp/Omacp.apk 370338-373352
/system_ext/priv-app/PhoneMaster/PhoneMaster.apk 373353-382437
/system_ext/priv-app/SetupWizard/SetupWizard.apk 382438-384182
/system_ext/priv-app/SilverHelper_gotii/SilverHelper_gotii.apk 384183-384403
/system_ext/priv-app/SimProcessor/SimProcessor.apk 384404-384420
/system_ext/priv-app/Tag/Tag.apk 384421-384514
/system_ext/priv-app/TeleSettingsApk/TeleSettingsApk.apk 384515-389747
/system_ext/priv-app/ThemePicker/ThemePicker.apk 389748-394872
/system_ext/priv-app/TranAbe/TranAbe.apk 394873-395445
/system_ext/priv-app/TranAccessibilityMenu/TranAccessibilityMenu.apk 395446-395765
/system_ext/priv-app/TranAodApk/TranAodApk.apk 395766-458329
/system_ext/priv-app/TranLivePicker/TranLivePicker.apk 458330-461514
/system_ext/priv-app/TranPalmFind/TranPalmFind.apk 461515-465019
/system_ext/priv-app/TranResolver/TranResolver.apk 465020-466121
/system_ext/priv-app/TranSettingsApk/TranSettingsApk.apk 466122-492797
/system_ext/priv-app/TranSettingsApk/TranSettingsApk.apk.prof 492798
/system_ext/priv-app/TranSettingsNfcApk/TranSettingsNfcApk.apk 492799-500052
/system_ext/priv-app/TranSettingsWifiApk/TranSettingsWifiApk.apk 500053-502594
/system_ext/priv-app/TranStk/TranStk.apk 502595-506002
/system_ext/priv-app/TranSystemUI/TranSystemUI.apk 506003-512443
/system_ext/priv-app/TranSystemUI/TranSystemUI.apk.prof 512444-512452
/system_ext/priv-app/Trancare/Trancare.apk 512453-512806
/system_ext/priv-app/VoiceUnlock/VoiceUnlock.apk 512807-520254
/system_ext/priv-app/WallpaperCropper/WallpaperCropper.apk 520255-520276
/system_ext/priv-app/XLauncher/XLauncher.apk 520277-525450
/system_ext/priv-app/XLauncher/XLauncher.apk.prof 525451-525455
/system_ext/priv-app/ZaHooc/ZaHooc.apk 525456-528692
/system_ext/etc/dynamic_em/antenna/ASD_Scenario_Detection_dynamic.xml 528693
/system_ext/etc/dynamic_em/antenna/Antenna_Force_dynamic.xml 528694
/system_ext/etc/dynamic_em/antenna/UAC_Condition_dynamic.xml 528695
/system_ext/etc/dynamic_em/antenna/UAC_Information_Monitor_dynamic.xml 528696
/system_ext/etc/init/hw/init.aee.rc 528697
/system_ext/etc/init/hw/meta_init.system.rc 528698-528699
/system_ext/etc/init/hw/vendor_init_as_system.rc 528700-528701
/system_ext/etc/security/fsverity/BuildManifestSystemExt.apk 528702-528703
/system_ext/etc/security/fsverity/BuildManifestSystemExt.apk.idsig 528704
/system_ext/etc/selinux/mapping/202404.cil 528705
/system_ext/etc/selinux/mapping/30.0.cil 528706
/system_ext/etc/selinux/mapping/31.0.cil 528707
/system_ext/etc/selinux/mapping/33.0.cil 528708
/system_ext/etc/selinux/mapping/34.0.cil 528709
/system_ext/framework/oat/arm64/CustomPropInterface.odex 528710
/system_ext/framework/oat/arm64/CustomPropInterface.odex.fsv_meta 528711
/system_ext/framework/oat/arm64/SatelliteClient.odex 528712
/system_ext/framework/oat/arm64/SatelliteClient.odex.fsv_meta 528713
/system_ext/framework/oat/arm64/androidx.window.extensions.odex 528714
/system_ext/framework/oat/arm64/androidx.window.extensions.odex.fsv_meta 528715
/system_ext/framework/oat/arm64/androidx.window.sidecar.odex 528716
/system_ext/framework/oat/arm64/androidx.window.sidecar.odex.fsv_meta 528717
/system_ext/framework/oat/arm64/com.android.hotwordenrollment.common.util.odex 528718
/system_ext/framework/oat/arm64/com.android.hotwordenrollment.common.util.odex.fsv_meta 528719
/system_ext/framework/oat/arm64/com.transsion.nfc.odex 528720
/system_ext/framework/oat/arm64/com.transsion.nfc.odex.fsv_meta 528721
/system_ext/framework/oat/arm64/com.transsion.tranfacfwk.odex 528722
/system_ext/framework/oat/arm64/com.transsion.tranfacfwk.odex.fsv_meta 528723
/system_ext/framework/oat/arm64/gift-core.odex 528724
/system_ext/framework/oat/arm64/gift-core.odex.fsv_meta 528725
/system_ext/framework/oat/arm64/log-handler.odex 528726
/system_ext/framework/oat/arm64/log-handler.odex.fsv_meta 528727
/system_ext/framework/oat/arm64/mediatek-ims-extension-plugin.odex 528728
/system_ext/framework/oat/arm64/mediatek-ims-extension-plugin.odex.fsv_meta 528729
/system_ext/framework/oat/arm64/mediatek-services.odex 528730
/system_ext/framework/oat/arm64/mediatek-services.odex.fsv_meta 528731
/system_ext/framework/oat/arm64/mediatek-services.vdex 528732
/system_ext/framework/oat/arm64/mediatek-services.vdex.fsv_meta 528733
/system_ext/framework/oat/arm64/sales_component.odex 528734
/system_ext/framework/oat/arm64/sales_component.odex.fsv_meta 528735
/system_ext/framework/oat/arm64/tran-telephony-anticross.odex 528736
/system_ext/framework/oat/arm64/tran-telephony-anticross.odex.fsv_meta 528737
/system_ext/framework/oat/arm64/tran_datacenter.odex 528738
/system_ext/framework/oat/arm64/tran_datacenter.odex.fsv_meta 528739
/system_ext/framework/oat/arm64/tranradionet-chipset-plugin.odex 528740-528741
/system_ext/framework/oat/arm64/tranradionet-chipset-plugin.odex.fsv_meta 528742
/system_ext/framework/oat/arm64/tranradionet-chipset-plugin.vdex 528743-528745
/system_ext/framework/oat/arm64/tranradionet-chipset-plugin.vdex.fsv_meta 528746
/system_ext/framework/oat/arm64/tranradionet-manager.odex 528747
/system_ext/framework/oat/arm64/tranradionet-manager.odex.fsv_meta 528748
/system_ext/framework/oat/arm64/trans_sched.odex 528749
/system_ext/framework/oat/arm64/trans_sched.odex.fsv_meta 528750
/system_ext/app/AIVoiceAssistant_v4.6/oat/arm64/AIVoiceAssistant_v4.6.odex 528751-528793
/system_ext/app/AIVoiceAssistant_v4.6/oat/arm64/AIVoiceAssistant_v4.6.vdex 528794-528950
/system_ext/app/ATMWifiMeta/oat/arm64/ATMWifiMeta.odex 528951-528952
/system_ext/app/ATMWifiMeta/oat/arm64/ATMWifiMeta.vdex 528953-528955
/system_ext/app/AfterSaleCalibrationTool/oat/arm64/AfterSaleCalibrationTool.odex 528956-528957
/system_ext/app/AfterSaleCalibrationTool/oat/arm64/AfterSaleCalibrationTool.vdex 528958-528960
/system_ext/app/AiGallery/oat/arm64/AiGallery.odex 528961-538044
/system_ext/app/AiGallery/oat/arm64/AiGallery.vdex 538045-538134
/system_ext/app/AiWriting/oat/arm64/AiWriting.odex 538135-538141
/system_ext/app/AiWriting/oat/arm64/AiWriting.vdex 538142-538162
/system_ext/app/AudioLink/oat/arm64/AudioLink.odex 538163-538189
/system_ext/app/AudioLink/oat/arm64/AudioLink.vdex 538190-538276
/system_ext/app/BatteryLab/oat/arm64/BatteryLab.odex 538277-538282
/system_ext/app/BatteryLab/oat/arm64/BatteryLab.vdex 538283-538299
/system_ext/app/BatteryWarning2/oat/arm64/BatteryWarning2.odex 538300-538308
/system_ext/app/BatteryWarning2/oat/arm64/BatteryWarning2.vdex 538309-538335
/system_ext/app/CalibrationTool2/oat/arm64/CalibrationTool2.odex 538336-538337
/system_ext/app/CalibrationTool2/oat/arm64/CalibrationTool2.vdex 538338-538341
/system_ext/app/CameraTestTool/oat/arm64/CameraTestTool.odex 538342-538344
/system_ext/app/CameraTestTool/oat/arm64/CameraTestTool.vdex 538345-538353
/system_ext/app/ChildModeThub/oat/arm64/ChildModeThub.odex 538354-538364
/system_ext/app/ChildModeThub/oat/arm64/ChildModeThub.vdex 538365-538398
/system_ext/app/DebugLoggerUI/oat/arm64/DebugLoggerUI.odex 538399
/system_ext/app/DebugLoggerUI/oat/arm64/DebugLoggerUI.vdex 538400-538401
/system_ext/app/EasyPicService/oat/arm64/EasyPicService.odex 538402-538405
/system_ext/app/EasyPicService/oat/arm64/EasyPicService.vdex 538406-538415
/system_ext/app/Ella/oat/arm64/Ella.odex 538416-538418
/system_ext/app/Ella/oat/arm64/Ella.vdex 538419-538427
/system_ext/app/EngineerMode/oat/arm64/EngineerMode.odex 538428-538435
/system_ext/app/EngineerMode/oat/arm64/EngineerMode.vdex 538436-538459
/system_ext/app/FaceID/oat/arm64/FaceID.odex 538460-538466
/system_ext/app/FaceID/oat/arm64/FaceID.vdex 538467-538487
/system_ext/app/GoogleExtShared/oat/arm64/GoogleExtShared.odex 538488
/system_ext/app/GooglePrintRecommendationService/oat/arm64/GooglePrintRecommendationService.odex 538489
/system_ext/app/GooglePrintRecommendationService/oat/arm64/GooglePrintRecommendationService.vdex 538490-538507
/system_ext/app/HiManager/oat/arm64/HiManager.odex 538508
/system_ext/app/HiManager/oat/arm64/HiManager.vdex 538509
/system_ext/app/Hoffnung/oat/arm64/Hoffnung.odex 538510-538515
/system_ext/app/Hoffnung/oat/arm64/Hoffnung.vdex 538516-538531
/system_ext/app/InearMonitor/oat/arm64/InearMonitor.odex 538532-538542
/system_ext/app/InearMonitor/oat/arm64/InearMonitor.vdex 538543-538573
/system_ext/app/IotCard/oat/arm64/IotCard.odex 538574-538590
/system_ext/app/IotCard/oat/arm64/IotCard.vdex 538591-538641
/system_ext/app/KeyguardClock/oat/arm64/KeyguardClock.odex 538642-538645
/system_ext/app/KeyguardClock/oat/arm64/KeyguardClock.vdex 538646-538654
/system_ext/app/KeyguardTheme/oat/arm64/KeyguardTheme.odex 538655-538660
/system_ext/app/KeyguardTheme/oat/arm64/KeyguardTheme.vdex 538661-538679
/system_ext/app/Life/oat/arm64/Life.odex 538680-538685
/system_ext/app/Life/oat/arm64/Life.vdex 538686-538706
/system_ext/app/MDMConfig/oat/arm64/MDMConfig.odex 538707
/system_ext/app/MDMLSample/oat/arm64/MDMLSample.odex 538708
/system_ext/app/MagazineService/oat/arm64/MagazineService.odex 538709-538729
/system_ext/app/MagazineService/oat/arm64/MagazineService.vdex 538730-538794
/system_ext/app/MagicFont/oat/arm64/MagicFont.odex 538795-538800
/system_ext/app/MagicFont/oat/arm64/MagicFont.vdex 538801-538818
/system_ext/app/MobileCloner/oat/arm64/MobileCloner.odex 538819-538821
/system_ext/app/MobileCloner/oat/arm64/MobileCloner.vdex 538822-538827
/system_ext/app/MobileClonerUI/oat/arm64/MobileClonerUI.odex 538828-538841
/system_ext/app/MobileClonerUI/oat/arm64/MobileClonerUI.vdex 538842-540574
/system_ext/app/OOBE/oat/arm64/OOBE.odex 540575-540584
/system_ext/app/OOBE/oat/arm64/OOBE.vdex 540585-540613
/system_ext/app/OSSettingsExt/oat/arm64/OSSettingsExt.odex 540614-542670
/system_ext/app/OSSettingsExt/oat/arm64/OSSettingsExt.vdex 542671-542695
/system_ext/app/PCConnect/oat/arm64/PCConnect.odex 542696-542728
/system_ext/app/PCConnect/oat/arm64/PCConnect.vdex 542729-542830
/system_ext/app/Questionnaire/oat/arm64/Questionnaire.odex 542831-542844
/system_ext/app/Questionnaire/oat/arm64/Questionnaire.vdex 542845-542890
/system_ext/app/SmartAssistant/oat/arm64/SmartAssistant.odex 542891-542902
/system_ext/app/SmartAssistant/oat/arm64/SmartAssistant.vdex 542903-542939
/system_ext/app/SmartPanel/oat/arm64/SmartPanel.odex 542940-542959
/system_ext/app/SmartPanel/oat/arm64/SmartPanel.vdex 542960-543021
/system_ext/app/SmartRecogize/oat/arm64/SmartRecogize.odex 543022-543045
/system_ext/app/SmartRecogize/oat/arm64/SmartRecogize.vdex 543046-543120
/system_ext/app/SmartScan/oat/arm64/SmartScan.odex 543121-543139
/system_ext/app/SmartScan/oat/arm64/SmartScan.vdex 543140-545377
/system_ext/app/SysStasl/oat/arm64/SysStasl.odex 545378-545382
/system_ext/app/SysStasl/oat/arm64/SysStasl.vdex 545383-545398
/system_ext/app/TRWallpaperPicker/oat/arm64/TRWallpaperPicker.odex 545399-545402
/system_ext/app/TRWallpaperPicker/oat/arm64/TRWallpaperPicker.vdex 545403-545414
/system_ext/app/TranEngine/oat/arm64/TranEngine.odex 545415-545418
/system_ext/app/TranEngine/oat/arm64/TranEngine.vdex 545419-545427
/system_ext/app/TranMultiWindow/oat/arm64/TranMultiWindow.odex 545428-545434
/system_ext/app/TranMultiWindow/oat/arm64/TranMultiWindow.vdex 545435-545454
/system_ext/app/TranNecessity/oat/arm64/TranNecessity.odex 545455-545458
/system_ext/app/TranNecessity/oat/arm64/TranNecessity.vdex 545459-545468
/system_ext/app/TranRadioNetService/oat/arm64/TranRadioNetService.odex 545469-545470
/system_ext/app/TranRadioNetService/oat/arm64/TranRadioNetService.vdex 545471-545474
/system_ext/app/TranSchedulePowerOnOffApk/oat/arm64/TranSchedulePowerOnOffApk.odex 545475-545482
/system_ext/app/TranSchedulePowerOnOffApk/oat/arm64/TranSchedulePowerOnOffApk.vdex 545483-545508
/system_ext/app/TranSettingsIntelligence/oat/arm64/TranSettingsIntelligence.odex 545509-545512
/system_ext/app/TranSettingsIntelligence/oat/arm64/TranSettingsIntelligence.vdex 545513-545524
/system_ext/app/TranSucc/oat/arm64/TranSucc.odex 545525-545526
/system_ext/app/TranSucc/oat/arm64/TranSucc.vdex 545527-545529
/system_ext/app/TranThunderback/oat/arm64/TranThunderback.odex 545530-545536
/system_ext/app/TranThunderback/oat/arm64/TranThunderback.vdex 545537-545556
/system_ext/app/TranssionCamera/lib/arm64/libAGFX.so 545557-545630
/system_ext/app/TranssionCamera/lib/arm64/libArcFilter.so 545631-546280
/system_ext/app/TranssionCamera/lib/arm64/libByteVC1_dec.so 546281-546331
/system_ext/app/TranssionCamera/lib/arm64/libCutSameConsumerJni.so 546332-546537
/system_ext/app/TranssionCamera/lib/arm64/libCutSameJni.so 546538-546736
/system_ext/app/TranssionCamera/lib/arm64/libExtractorJni.so 546737-546810
/system_ext/app/TranssionCamera/lib/arm64/libMNN.so 546811-547121
/system_ext/app/TranssionCamera/lib/arm64/libMediaDelegatesJni.so 547122-547148
/system_ext/app/TranssionCamera/lib/arm64/libNLEEditorJni.so 547149-547368
/system_ext/app/TranssionCamera/lib/arm64/libNLEMediaJni.so 547369-547384
/system_ext/app/TranssionCamera/lib/arm64/libNLEMediaPublicJni.so 547385-547522
/system_ext/app/TranssionCamera/lib/arm64/libNLETemplateModelJni.so 547523-547575
/system_ext/app/TranssionCamera/lib/arm64/libNvStreamingSdkCore.so 547576-548937
/system_ext/app/TranssionCamera/lib/arm64/libProcessCore.so 548938-548992
/system_ext/app/TranssionCamera/lib/arm64/libTranColorEffectEngine.so 548993-550101
/system_ext/app/TranssionCamera/lib/arm64/libXDocProcessSDK.so 550102-550996
/system_ext/app/TranssionCamera/lib/arm64/libYTCommonXImage.so 550997-551100
/system_ext/app/TranssionCamera/lib/arm64/libacoustic.so 551101-551127
/system_ext/app/TranssionCamera/lib/arm64/libaw_livehdr.so 551128-552301
/system_ext/app/TranssionCamera/lib/arm64/libbdaudioeffect.so 552302-553125
/system_ext/app/TranssionCamera/lib/arm64/libbstQRCode.so 553126-555144
/system_ext/app/TranssionCamera/lib/arm64/libbyteeffect.so 555145-558806
/system_ext/app/TranssionCamera/lib/arm64/libbytevc0.so 558807-558904
/system_ext/app/TranssionCamera/lib/arm64/libc++_shared.so 558905-559003
/system_ext/app/TranssionCamera/lib/arm64/libcjson.so 559004-559035
/system_ext/app/TranssionCamera/lib/arm64/libcommon.so 559036-559052
/system_ext/app/TranssionCamera/lib/arm64/libdecoder.so 559053-559218
/system_ext/app/TranssionCamera/lib/arm64/libec_jpeg_decoder.so 559219-559250
/system_ext/app/TranssionCamera/lib/arm64/libeffect-taint.so 559251-560055
/system_ext/app/TranssionCamera/lib/arm64/libeffect.so 560056-564388
/system_ext/app/TranssionCamera/lib/arm64/libfacesattributecapture.so 564389-565302
/system_ext/app/TranssionCamera/lib/arm64/libfft.so 565303-565305
/system_ext/app/TranssionCamera/lib/arm64/libgaia_lib.so 565306-565442
/system_ext/app/TranssionCamera/lib/arm64/libitdfacebeauty.so 565443-578813
/system_ext/app/TranssionCamera/lib/arm64/libitdfacecheck.so 578814-584123
/system_ext/app/TranssionCamera/lib/arm64/libjniBstQrCode.so 584124-584126
/system_ext/app/TranssionCamera/lib/arm64/libjnifacecheck.so 584127-584128
/system_ext/app/TranssionCamera/lib/arm64/libjnifacesattributecapture.so 584129-584130
/system_ext/app/TranssionCamera/lib/arm64/libjnipanorama.so 584131-584133
/system_ext/app/TranssionCamera/lib/arm64/libjniwideselfie.so 584134-584137
/system_ext/app/TranssionCamera/lib/arm64/libnewep.so 584138-584143
/system_ext/app/TranssionCamera/lib/arm64/libopenblas.so 584144-584378
/system_ext/app/TranssionCamera/lib/arm64/libpanorama.so 584379-585488
/system_ext/app/TranssionCamera/lib/arm64/libtensorflowlite_c.so 585489-585758
/system_ext/app/TranssionCamera/lib/arm64/libttffmpeg.so 585759-586272
/system_ext/app/TranssionCamera/lib/arm64/libttmverify.so 586273
/system_ext/app/TranssionCamera/lib/arm64/libttmverifylite.so 586274-586277
/system_ext/app/TranssionCamera/lib/arm64/libttvesdk.so 586278-587746
/system_ext/app/TranssionCamera/lib/arm64/libttyuv.so 587747-587780
/system_ext/app/TranssionCamera/lib/arm64/libvcsdk_jni.so 587781-587792
/system_ext/app/TranssionCamera/lib/arm64/libwideselfie.so 587793-588595
/system_ext/app/TranssionCamera/oat/arm64/TranssionCamera.odex 588596-594700
/system_ext/app/TranssionCamera/oat/arm64/TranssionCamera.vdex 594701-594761
/system_ext/app/TranssionDeskClock/oat/arm64/TranssionDeskClock.odex 594762-594775
/system_ext/app/TranssionDeskClock/oat/arm64/TranssionDeskClock.vdex 594776-594819
/system_ext/app/TranssionFMRadio/oat/arm64/TranssionFMRadio.odex 594820-594825
/system_ext/app/TranssionFMRadio/oat/arm64/TranssionFMRadio.vdex 594826-594843
/system_ext/app/TranssionVideoEdit/oat/arm64/TranssionVideoEdit.odex 594844-594862
/system_ext/app/TranssionVideoEdit/oat/arm64/TranssionVideoEdit.vdex 594863-594924
/system_ext/app/Uxdetector/oat/arm64/Uxdetector.odex 594925-594928
/system_ext/app/Uxdetector/oat/arm64/Uxdetector.vdex 594929-594938
/system_ext/app/WelinkService/oat/arm64/WelinkService.odex 594939-594948
/system_ext/app/WelinkService/oat/arm64/WelinkService.vdex 594949-594978
/system_ext/app/XHide/oat/arm64/XHide.odex 594979-594986
/system_ext/app/XHide/oat/arm64/XHide.vdex 594987-595009
/system_ext/app/YGPS/oat/arm64/YGPS.odex 595010
/system_ext/app/palmid_os15_mr1/oat/arm64/palmid_os15_mr1.odex 595011-595025
/system_ext/app/palmid_os15_mr1/oat/arm64/palmid_os15_mr1.vdex 595026-595078
/system_ext/etc/dynamic_em/antenna/tuner/MTK_Tuner_Controller_dynamic.xml 595079
/system_ext/priv-app/AppLock/oat/arm64/AppLock.odex 595080-595088
/system_ext/priv-app/AppLock/oat/arm64/AppLock.vdex 595089-595114
/system_ext/priv-app/AppService/oat/arm64/AppService.odex 595115-595127
/system_ext/priv-app/AppService/oat/arm64/AppService.vdex 595128-595164
/system_ext/priv-app/AppUpdate/oat/arm64/AppUpdate.odex 595165-595172
/system_ext/priv-app/AppUpdate/oat/arm64/AppUpdate.vdex 595173-595195
/system_ext/priv-app/CarrierConfig/oat/arm64/CarrierConfig.odex 595196
/system_ext/priv-app/CloudServer/oat/arm64/CloudServer.odex 595197-602024
/system_ext/priv-app/CloudServer/oat/arm64/CloudServer.vdex 602025-602104
/system_ext/priv-app/EmergencyInfoGms/oat/arm64/EmergencyInfoGms.odex 602105-602107
/system_ext/priv-app/EmergencyInfoGms/oat/arm64/EmergencyInfoGms.vdex 602108-602113
/system_ext/priv-app/FontManager/oat/arm64/FontManager.odex 602114-602117
/system_ext/priv-app/FontManager/oat/arm64/FontManager.vdex 602118-602127
/system_ext/priv-app/GeofenceService/oat/arm64/GeofenceService.odex 602128
/system_ext/priv-app/GlobalSearch/oat/arm64/GlobalSearch.odex 602129-602141
/system_ext/priv-app/GlobalSearch/oat/arm64/GlobalSearch.vdex 602142-602184
/system_ext/priv-app/GoogleFeedback/oat/arm64/GoogleFeedback.odex 602185
/system_ext/priv-app/GooglePackageInstaller/oat/arm64/GooglePackageInstaller.odex 602186-602188
/system_ext/priv-app/GooglePackageInstaller/oat/arm64/GooglePackageInstaller.vdex 602189-602195
/system_ext/priv-app/GoogleServicesFramework/oat/arm64/GoogleServicesFramework.odex 602196-602199
/system_ext/priv-app/GoogleServicesFramework/oat/arm64/GoogleServicesFramework.vdex 602200-602210
/system_ext/priv-app/ImsService/oat/arm64/ImsService.odex 602211-602216
/system_ext/priv-app/ImsService/oat/arm64/ImsService.vdex 602217-602231
/system_ext/priv-app/LPPeService/oat/arm64/LPPeService.odex 602232
/system_ext/priv-app/MtkGbaService/oat/arm64/MtkGbaService.odex 602233
/system_ext/priv-app/MtkSettingsProvider/oat/arm64/MtkSettingsProvider.odex 602234
/system_ext/priv-app/MtkSettingsProvider/oat/arm64/MtkSettingsProvider.vdex 602235
/system_ext/priv-app/MtkTelephonyAssist/oat/arm64/MtkTelephonyAssist.odex 602236
/system_ext/priv-app/NfcNci/oat/arm64/NfcNci.odex 602237-602241
/system_ext/priv-app/NfcNci/oat/arm64/NfcNci.vdex 602242-602253
/system_ext/priv-app/Omacp/oat/arm64/Omacp.odex 602254-602263
/system_ext/priv-app/Omacp/oat/arm64/Omacp.vdex 602264-602295
/system_ext/priv-app/PhoneMaster/oat/arm64/PhoneMaster.odex 602296-602316
/system_ext/priv-app/PhoneMaster/oat/arm64/PhoneMaster.vdex 602317-602388
/system_ext/priv-app/SetupWizard/oat/arm64/SetupWizard.odex 602389-602397
/system_ext/priv-app/SetupWizard/oat/arm64/SetupWizard.vdex 602398-602426
/system_ext/priv-app/SilverHelper_gotii/oat/arm64/SilverHelper_gotii.odex 602427-602428
/system_ext/priv-app/SilverHelper_gotii/oat/arm64/SilverHelper_gotii.vdex 602429-602432
/system_ext/priv-app/SimProcessor/oat/arm64/SimProcessor.odex 602433
/system_ext/priv-app/Tag/oat/arm64/Tag.odex 602434
/system_ext/priv-app/Tag/oat/arm64/Tag.vdex 602435
/system_ext/priv-app/ThemePicker/oat/arm64/ThemePicker.odex 602436-602453
/system_ext/priv-app/ThemePicker/oat/arm64/ThemePicker.vdex 602454-602510
/system_ext/priv-app/TranAbe/oat/arm64/TranAbe.odex 602511-602513
/system_ext/priv-app/TranAbe/oat/arm64/TranAbe.vdex 602514-602522
/system_ext/priv-app/TranAccessibilityMenu/oat/arm64/TranAccessibilityMenu.odex 602523-602524
/system_ext/priv-app/TranAccessibilityMenu/oat/arm64/TranAccessibilityMenu.vdex 602525-602529
/system_ext/priv-app/TranAodApk/oat/arm64/TranAodApk.odex 602530-602541
/system_ext/priv-app/TranAodApk/oat/arm64/TranAodApk.vdex 602542-602580
/system_ext/priv-app/TranLivePicker/oat/arm64/TranLivePicker.odex 602581-602591
/system_ext/priv-app/TranLivePicker/oat/arm64/TranLivePicker.vdex 602592-602626
/system_ext/priv-app/TranResolver/oat/arm64/TranResolver.odex 602627-602632
/system_ext/priv-app/TranResolver/oat/arm64/TranResolver.vdex 602633-602650
/system_ext/priv-app/TranSettingsApk/oat/arm64/TranSettingsApk.art 602651-602654
/system_ext/priv-app/TranSettingsApk/oat/arm64/TranSettingsApk.odex 602655-602680
/system_ext/priv-app/TranSettingsApk/oat/arm64/TranSettingsApk.vdex 602681-602777
/system_ext/priv-app/TranSystemUI/oat/arm64/TranSystemUI.art 602778-602781
/system_ext/priv-app/TranSystemUI/oat/arm64/TranSystemUI.odex 602782-612026
/system_ext/priv-app/TranSystemUI/oat/arm64/TranSystemUI.vdex 612027-612111
/system_ext/priv-app/Trancare/oat/arm64/Trancare.odex 612112-612115
/system_ext/priv-app/Trancare/oat/arm64/Trancare.vdex 612116-612124
/system_ext/priv-app/VoiceUnlock/oat/arm64/VoiceUnlock.odex 612125
/system_ext/priv-app/VoiceUnlock/oat/arm64/VoiceUnlock.vdex 612126-612127
/system_ext/priv-app/WallpaperCropper/oat/arm64/WallpaperCropper.odex 612128
/system_ext/priv-app/XLauncher/oat/arm64/XLauncher.art 612129-612131
/system_ext/priv-app/XLauncher/oat/arm64/XLauncher.odex 612132-618955
/system_ext/priv-app/XLauncher/oat/arm64/XLauncher.vdex 618956-619009
/system_ext/priv-app/ZaHooc/oat/arm64/ZaHooc.odex 619010-619015
/system_ext/priv-app/ZaHooc/oat/arm64/ZaHooc.vdex 619016-619034
