/vendor_dlkm/etc/NOTICE.xml.gz 1-9
/vendor_dlkm/lib/modules/adaptive-ts.ko 10-28
/vendor_dlkm/lib/modules/apu_top.ko 29-74
/vendor_dlkm/lib/modules/apusys.ko 75-292
/vendor_dlkm/lib/modules/atf_logger.ko 293-297
/vendor_dlkm/lib/modules/audio_ipi.ko 298-315
/vendor_dlkm/lib/modules/aw36515.ko 316-319
/vendor_dlkm/lib/modules/backlight_cooling.ko 320-321
/vendor_dlkm/lib/modules/bluetooth.ko 322-468
/vendor_dlkm/lib/modules/board_temp.ko 469-470
/vendor_dlkm/lib/modules/bt_drv_6878.ko 471-519
/vendor_dlkm/lib/modules/c2k_usb.ko 520-528
/vendor_dlkm/lib/modules/c2k_usb_f_via_atc.ko 529
/vendor_dlkm/lib/modules/c2k_usb_f_via_ets.ko 530
/vendor_dlkm/lib/modules/c2k_usb_f_via_modem.ko 531
/vendor_dlkm/lib/modules/c2ps_perf_ioctl.ko 532-533
/vendor_dlkm/lib/modules/camera_af_media.ko 534-535
/vendor_dlkm/lib/modules/camera_dpe_isp7sp.ko 536-560
/vendor_dlkm/lib/modules/camera_eeprom_v4l2.ko 561-596
/vendor_dlkm/lib/modules/ccci_auxadc.ko 597-598
/vendor_dlkm/lib/modules/ccci_ccif.ko 599-609
/vendor_dlkm/lib/modules/ccci_dpmaif.ko 610-642
/vendor_dlkm/lib/modules/ccci_fsm_scp.ko 643-646
/vendor_dlkm/lib/modules/ccci_md_all.ko 647-729
/vendor_dlkm/lib/modules/ccci_util_lib.ko 730-752
/vendor_dlkm/lib/modules/ccd_rpmsg.ko 753-757
/vendor_dlkm/lib/modules/ccmni.ko 758-762
/vendor_dlkm/lib/modules/cfg80211.ko 763-948
/vendor_dlkm/lib/modules/clk-dbg-mt6878.ko 949-951
/vendor_dlkm/lib/modules/clk-disable-unused.ko 952
/vendor_dlkm/lib/modules/cmdq-sec-drv.ko 953-962
/vendor_dlkm/lib/modules/cmdq-test.ko 963-970
/vendor_dlkm/lib/modules/connadp.ko 971-978
/vendor_dlkm/lib/modules/connfem.ko 979-995
/vendor_dlkm/lib/modules/conninfra.ko 996-1117
/vendor_dlkm/lib/modules/conninfra_mt6653.ko 1118-1248
/vendor_dlkm/lib/modules/connscp.ko 1249-1260
/vendor_dlkm/lib/modules/cpudvfs.ko 1261-1262
/vendor_dlkm/lib/modules/cpufreq_sugov_ext.ko 1263-1285
/vendor_dlkm/lib/modules/cpuqos_v3.ko 1286-1293
/vendor_dlkm/lib/modules/dw9781c.ko 1294-1298
/vendor_dlkm/lib/modules/emi-fake-eng.ko 1299-1301
/vendor_dlkm/lib/modules/fhctl.ko 1302-1309
/vendor_dlkm/lib/modules/flashlight.ko 1310-1318
/vendor_dlkm/lib/modules/fmradio_drv_connac2x.ko 1319-1372
/vendor_dlkm/lib/modules/fpsgo.ko 1373-1380
/vendor_dlkm/lib/modules/frs.ko 1381-1382
/vendor_dlkm/lib/modules/ged.ko 1383-1442
/vendor_dlkm/lib/modules/gps_drv_dl_v051.ko 1443-1488
/vendor_dlkm/lib/modules/gps_pwr.ko 1489-1490
/vendor_dlkm/lib/modules/gps_scp.ko 1491-1493
/vendor_dlkm/lib/modules/gpueb.ko 1494-1502
/vendor_dlkm/lib/modules/gz_ipc_mod.ko 1503-1510
/vendor_dlkm/lib/modules/gz_irq_mod.ko 1511-1513
/vendor_dlkm/lib/modules/gz_log_mod.ko 1514-1516
/vendor_dlkm/lib/modules/gz_main_mod.ko 1517-1530
/vendor_dlkm/lib/modules/gz_trusty_mod.ko 1531-1535
/vendor_dlkm/lib/modules/gz_tz_system.ko 1536-1542
/vendor_dlkm/lib/modules/gz_virtio_mod.ko 1543-1546
/vendor_dlkm/lib/modules/hbt.ko 1547-1551
/vendor_dlkm/lib/modules/hf_manager.ko 1552-1560
/vendor_dlkm/lib/modules/hiber.ko 1561-1565
/vendor_dlkm/lib/modules/imgsensor-glue.ko 1566
/vendor_dlkm/lib/modules/imgsensor.ko 1567-1645
/vendor_dlkm/lib/modules/iommu_test.ko 1646
/vendor_dlkm/lib/modules/lm3644.ko 1647-1650
/vendor_dlkm/lib/modules/load_track.ko 1651-1652
/vendor_dlkm/lib/modules/lpm-gov-MHSP.ko 1653-1656
/vendor_dlkm/lib/modules/mac80211.ko 1657-1857
/vendor_dlkm/lib/modules/main2_vcm.ko 1858-1860
/vendor_dlkm/lib/modules/main3_vcm.ko 1861-1863
/vendor_dlkm/lib/modules/main4_vcm.ko 1864-1866
/vendor_dlkm/lib/modules/main_vcm.ko 1867-1869
/vendor_dlkm/lib/modules/mali_dmabuf_test_mt6878_r44.ko 1870-1873
/vendor_dlkm/lib/modules/mali_kbase_mt6878_r44.ko 1874-2086
/vendor_dlkm/lib/modules/mali_mgm_mt6878_r44.ko 2087-2091
/vendor_dlkm/lib/modules/mali_prot_alloc_mt6878_r44.ko 2092-2093
/vendor_dlkm/lib/modules/mcupm.ko 2094-2098
/vendor_dlkm/lib/modules/md_cooling_all.ko 2099-2102
/vendor_dlkm/lib/modules/mddp.ko 2103-2119
/vendor_dlkm/lib/modules/met.ko 2120-2214
/vendor_dlkm/lib/modules/met_backlight_api.ko 2215
/vendor_dlkm/lib/modules/met_emi_api.ko 2216
/vendor_dlkm/lib/modules/met_gpu_adv_api.ko 2217
/vendor_dlkm/lib/modules/met_gpu_api.ko 2218
/vendor_dlkm/lib/modules/met_gpueb_api.ko 2219
/vendor_dlkm/lib/modules/met_ipi_api.ko 2220
/vendor_dlkm/lib/modules/met_mcupm_api.ko 2221
/vendor_dlkm/lib/modules/met_scmi_api.ko 2222
/vendor_dlkm/lib/modules/met_sspm_api.ko 2223
/vendor_dlkm/lib/modules/met_vcore_api.ko 2224
/vendor_dlkm/lib/modules/modules.alias 2225-2226
/vendor_dlkm/lib/modules/modules.dep 2227
/vendor_dlkm/lib/modules/msync2_frd.ko 2228
/vendor_dlkm/lib/modules/mt6369-accdet.ko 2229-2238
/vendor_dlkm/lib/modules/mt6878-mt6369.ko 2239-2245
/vendor_dlkm/lib/modules/mtk-btcvsd.ko 2246-2251
/vendor_dlkm/lib/modules/mtk-cam-isp7sp.ko 2252-2410
/vendor_dlkm/lib/modules/mtk-composite.ko 2411-2412
/vendor_dlkm/lib/modules/mtk-dvfsrc-start.ko 2413
/vendor_dlkm/lib/modules/mtk-ipesys-me.ko 2414-2415
/vendor_dlkm/lib/modules/mtk-lpm-dbg-common-v2.ko 2416-2433
/vendor_dlkm/lib/modules/mtk-lpm-dbg-mt6878.ko 2434-2440
/vendor_dlkm/lib/modules/mtk-lpm-plat-v1.ko 2441-2443
/vendor_dlkm/lib/modules/mtk-lpm.ko 2444-2452
/vendor_dlkm/lib/modules/mtk-mbox.ko 2453-2458
/vendor_dlkm/lib/modules/mtk-mmdvfs-v3-start.ko 2459
/vendor_dlkm/lib/modules/mtk-pm-domain-disable-unused.ko 2460
/vendor_dlkm/lib/modules/mtk-pmic-oc-debug.ko 2461-2462
/vendor_dlkm/lib/modules/mtk-pwm.ko 2463-2468
/vendor_dlkm/lib/modules/mtk-scp-audiocommon.ko 2469-2472
/vendor_dlkm/lib/modules/mtk-scp-ultra.ko 2473-2474
/vendor_dlkm/lib/modules/mtk-scp-vow.ko 2475
/vendor_dlkm/lib/modules/mtk-soc-offload-common.ko 2476-2480
/vendor_dlkm/lib/modules/mtk-sp-spk-amp.ko 2481-2482
/vendor_dlkm/lib/modules/mtk-ssc-dbg-v2.ko 2483-2484
/vendor_dlkm/lib/modules/mtk-ssc.ko 2485-2487
/vendor_dlkm/lib/modules/mtk-swpm-cpu-dbg-v6878.ko 2488
/vendor_dlkm/lib/modules/mtk-swpm-dbg-common-v1.ko 2489-2490
/vendor_dlkm/lib/modules/mtk-swpm-dbg-v6878.ko 2491-2496
/vendor_dlkm/lib/modules/mtk-swpm.ko 2497-2500
/vendor_dlkm/lib/modules/mtk-vcodec-common.ko 2501-2512
/vendor_dlkm/lib/modules/mtk-vcodec-dec-v1.ko 2513-2558
/vendor_dlkm/lib/modules/mtk-vcodec-enc-v1.ko 2559-2599
/vendor_dlkm/lib/modules/mtk-vcu.ko 2600-2614
/vendor_dlkm/lib/modules/mtk-vmm-isp71-regulator.ko 2615-2620
/vendor_dlkm/lib/modules/mtk-vmm-notifier.ko 2621-2622
/vendor_dlkm/lib/modules/mtk-vow.ko 2623-2638
/vendor_dlkm/lib/modules/mtk_aie.ko 2639-2665
/vendor_dlkm/lib/modules/mtk_aie_debug_7sp_2.ko 2666
/vendor_dlkm/lib/modules/mtk_battery_oc_throttling.ko 2667-2670
/vendor_dlkm/lib/modules/mtk_c2ps.ko 2671-2682
/vendor_dlkm/lib/modules/mtk_ccd_remoteproc.ko 2683-2687
/vendor_dlkm/lib/modules/mtk_ccuv.ko 2688-2694
/vendor_dlkm/lib/modules/mtk_cg_peak_power_throttling.ko 2695-2702
/vendor_dlkm/lib/modules/mtk_cm_ipi.ko 2703
/vendor_dlkm/lib/modules/mtk_cm_mgr.ko 2704-2710
/vendor_dlkm/lib/modules/mtk_cm_mgr_mt6878.ko 2711-2713
/vendor_dlkm/lib/modules/mtk_core_ctl.ko 2714-2727
/vendor_dlkm/lib/modules/mtk_cpu_power_throttling.ko 2728-2730
/vendor_dlkm/lib/modules/mtk_disp_sec.ko 2731-2732
/vendor_dlkm/lib/modules/mtk_dynamic_loading_throttling.ko 2733-2735
/vendor_dlkm/lib/modules/mtk_fpsgo.ko 2736-2827
/vendor_dlkm/lib/modules/mtk_gpu_hal.ko 2828-2831
/vendor_dlkm/lib/modules/mtk_gpu_power_throttling.ko 2832-2834
/vendor_dlkm/lib/modules/mtk_gpu_qos.ko 2835-2837
/vendor_dlkm/lib/modules/mtk_gpufreq_mt6878.ko 2838-2843
/vendor_dlkm/lib/modules/mtk_gpufreq_wrapper.ko 2844-2857
/vendor_dlkm/lib/modules/mtk_hcp.ko 2858-2876
/vendor_dlkm/lib/modules/mtk_heap_debug.ko 2877-2885
/vendor_dlkm/lib/modules/mtk_imgsys_cmdq.ko 2886-2918
/vendor_dlkm/lib/modules/mtk_imgsys_isp7sp.ko 2919-2937
/vendor_dlkm/lib/modules/mtk_imgsys_v4l2.ko 2938-2969
/vendor_dlkm/lib/modules/mtk_ioctl_powerhal.ko 2970-2971
/vendor_dlkm/lib/modules/mtk_ioctl_touch_boost.ko 2972-2973
/vendor_dlkm/lib/modules/mtk_irtx_pwm.ko 2974-2975
/vendor_dlkm/lib/modules/mtk_jpeg.ko 2976-2984
/vendor_dlkm/lib/modules/mtk_low_battery_throttling.ko 2985-2992
/vendor_dlkm/lib/modules/mtk_mbraink.ko 2993-3012
/vendor_dlkm/lib/modules/mtk_md_power_throttling.ko 3013-3014
/vendor_dlkm/lib/modules/mtk_mdpm.ko 3015-3021
/vendor_dlkm/lib/modules/mtk_pbm.ko 3022-3026
/vendor_dlkm/lib/modules/mtk_peak_power_budget.ko 3027-3035
/vendor_dlkm/lib/modules/mtk_perf_common.ko 3036-3045
/vendor_dlkm/lib/modules/mtk_perf_ioctl.ko 3046-3049
/vendor_dlkm/lib/modules/mtk_perf_ioctl_magt.ko 3050-3052
/vendor_dlkm/lib/modules/mtk_qos.ko 3053-3057
/vendor_dlkm/lib/modules/mtk_rpmsg_mbox.ko 3058-3059
/vendor_dlkm/lib/modules/mtk_sec_heap.ko 3060-3067
/vendor_dlkm/lib/modules/mtk_tinysys_ipi.ko 3068-3070
/vendor_dlkm/lib/modules/mtk_u_ether.ko 3071-3076
/vendor_dlkm/lib/modules/mtk_usb_f_rndis.ko 3077-3082
/vendor_dlkm/lib/modules/nvmem-mt635x-efuse.ko 3083-3084
/vendor_dlkm/lib/modules/omnivision_td4160.ko 3085-3121
/vendor_dlkm/lib/modules/pages_prefilter.ko 3122-3124
/vendor_dlkm/lib/modules/pda_drv_mt6878.ko 3125-3135
/vendor_dlkm/lib/modules/pmic_temp.ko 3136-3138
/vendor_dlkm/lib/modules/powerhal_cpu_ctrl.ko 3139-3145
/vendor_dlkm/lib/modules/reboot-mode.ko 3146-3147
/vendor_dlkm/lib/modules/richtek_spm_cls.ko 3148-3150
/vendor_dlkm/lib/modules/rps_perf.ko 3151
/vendor_dlkm/lib/modules/sapu.ko 3152-3155
/vendor_dlkm/lib/modules/scheduler.ko 3156-3220
/vendor_dlkm/lib/modules/scheduler_ext.ko 3221
/vendor_dlkm/lib/modules/scp.ko 3222-3262
/vendor_dlkm/lib/modules/sec_nfc.ko 3263-3265
/vendor_dlkm/lib/modules/sensorhub.ko 3266-3280
/vendor_dlkm/lib/modules/shrink_slabd.ko 3281-3282
/vendor_dlkm/lib/modules/snd-soc-audiodsp-common.ko 3283-3301
/vendor_dlkm/lib/modules/snd-soc-aw87xxx.ko 3302-3319
/vendor_dlkm/lib/modules/snd-soc-mt6369.ko 3320-3336
/vendor_dlkm/lib/modules/snd-soc-mt6878-afe.ko 3337-3383
/vendor_dlkm/lib/modules/snd-soc-mtk-common.ko 3384-3395
/vendor_dlkm/lib/modules/snd-soc-mtk-scp-ultra.ko 3396-3401
/vendor_dlkm/lib/modules/snd-soc-rt5512.ko 3402-3406
/vendor_dlkm/lib/modules/snd-soc-tfa98xx.ko 3407-3436
/vendor_dlkm/lib/modules/soc_temp_lvts.ko 3437-3446
/vendor_dlkm/lib/modules/splitswitch-gpio.ko 3447
/vendor_dlkm/lib/modules/splitswitch.ko 3448-3449
/vendor_dlkm/lib/modules/spmi-mtk-mpu.ko 3450-3451
/vendor_dlkm/lib/modules/sspm_v3.ko 3452-3455
/vendor_dlkm/lib/modules/sub_vcm.ko 3456-3458
/vendor_dlkm/lib/modules/syscon-reboot-mode.ko 3459
/vendor_dlkm/lib/modules/t-base-tui.ko 3460-3464
/vendor_dlkm/lib/modules/task_turbo.ko 3465-3471
/vendor_dlkm/lib/modules/thd.ko 3472-3478
/vendor_dlkm/lib/modules/thermal-generic-adc.ko 3479-3480
/vendor_dlkm/lib/modules/thermal_interface.ko 3481-3491
/vendor_dlkm/lib/modules/thermal_trace.ko 3492-3498
/vendor_dlkm/lib/modules/tmem_ffa.ko 3499-3512
/vendor_dlkm/lib/modules/tnek.ko 3513-3515
/vendor_dlkm/lib/modules/touch_boost.ko 3516-3524
/vendor_dlkm/lib/modules/trace_mmstat.ko 3525-3528
/vendor_dlkm/lib/modules/tran_audio_control.ko 3529-3531
/vendor_dlkm/lib/modules/tran_fp_v2.ko 3532-3541
/vendor_dlkm/lib/modules/tran_fre.ko 3542-3558
/vendor_dlkm/lib/modules/tran_health_sched.ko 3559-3571
/vendor_dlkm/lib/modules/tran_mm_collect.ko 3572-3579
/vendor_dlkm/lib/modules/tran_perf_util.ko 3580-3587
/vendor_dlkm/lib/modules/tran_pnpmgr.ko 3588-3592
/vendor_dlkm/lib/modules/tran_zram.ko 3593-3626
/vendor_dlkm/lib/modules/trancam_driver_elapsedtime.ko 3627
/vendor_dlkm/lib/modules/trans_sched.ko 3628-3656
/vendor_dlkm/lib/modules/transsion_resmonitor.ko 3657-3658
/vendor_dlkm/lib/modules/transsion_tranlog.ko 3659-3667
/vendor_dlkm/lib/modules/tui-common.ko 3668
/vendor_dlkm/lib/modules/uload_ind.ko 3669-3672
/vendor_dlkm/lib/modules/usb_offload.ko 3673-3686
/vendor_dlkm/lib/modules/vcp.ko 3687-3709
/vendor_dlkm/lib/modules/vtskin_temp.ko 3710-3711
/vendor_dlkm/lib/modules/widevine_driver.ko 3712-3714
/vendor_dlkm/lib/modules/wifi_cooling.ko 3715-3716
/vendor_dlkm/lib/modules/wlan_drv_gen4m_6878.ko 3717-4431
/vendor_dlkm/lib/modules/wmt_chrdev_wifi_connac2.ko 4432-4437
